// Jest Snapshot v1, https://goo.gl/fbAQLP

exports[`<ChatList> renders without crashing 1`] = `
<Fragment>
  <div
    className="messages"
  >
    <ChatMessage
      avatar={null}
      chatMessage={Array []}
      email="robin@example.com"
      fullName="Robin Balmforth"
      key="12356"
      message="Hello, World!"
      messageId="12356"
      timestamp="2016-06-03T20:24:29Z"
      userId="613651251"
    />
    <ChatMessage
      avatar={null}
      chatMessage={Array []}
      email="robin6@example.com"
      fullName="Robin Balmforthh"
      key="123567"
      message="Hello, World!"
      messageId="123567"
      timestamp="2016-06-03T20:24:29Zh"
      userId="6136512517"
    />
  </div>
</Fragment>
`;
